   7 linear    +3 cT=0.776 Pdefl-Ppl=-0.01%  radial M -0.85%  VC -1.08% (VC/M-1 = -27.0%)  axial +1.08%  net -0.002%  [ -0.02 kW]  kss-check +0.00
   7 linear    +6 cT=0.776 Pdefl-Ppl=-0.03%  radial M -1.70%  VC -2.15% (VC/M-1 = -26.5%)  axial +2.15%  net -0.003%  [ -0.04 kW]  kss-check +0.01
   7 linear    +9 cT=0.776 Pdefl-Ppl=-0.07%  radial M -2.54%  VC -3.19% (VC/M-1 = -25.7%)  axial +3.19%  net -0.002%  [ -0.03 kW]  kss-check +0.01
   7 bend      +3 cT=0.776 Pdefl-Ppl=+0.01%  radial M -1.19%  VC -1.62% (VC/M-1 = -36.1%)  axial +1.61%  net -0.009%  [ -0.11 kW]  kss-check +0.00
   7 bend      +6 cT=0.776 Pdefl-Ppl=+0.04%  radial M -2.36%  VC -3.19% (VC/M-1 = -35.2%)  axial +3.18%  net -0.018%  [ -0.22 kW]  kss-check +0.01
   7 bend      +9 cT=0.776 Pdefl-Ppl=+0.08%  radial M -3.51%  VC -4.70% (VC/M-1 = -33.7%)  axial +4.67%  net -0.025%  [ -0.30 kW]  kss-check -0.01
   7 prebend   -3 cT=0.776 Pdefl-Ppl=+0.07%  radial M +1.64%  VC +2.51% (VC/M-1 = +52.8%)  axial -2.47%  net +0.040%  [ +0.49 kW]  kss-check +0.00
   7 prebend   -6 cT=0.776 Pdefl-Ppl=+0.25%  radial M +3.25%  VC +4.91% (VC/M-1 = +51.0%)  axial -4.83%  net +0.083%  [ +1.01 kW]  kss-check -0.01
   7 prebend   -9 cT=0.776 Pdefl-Ppl=+0.50%  radial M +4.81%  VC +7.13% (VC/M-1 = +48.1%)  axial -7.00%  net +0.127%  [ +1.55 kW]  kss-check -0.02
   9 linear    +3 cT=0.777 Pdefl-Ppl=-0.01%  radial M -0.86%  VC -1.09% (VC/M-1 = -27.0%)  axial +1.09%  net -0.002%  [ -0.04 kW]  kss-check +0.01
   9 linear    +6 cT=0.777 Pdefl-Ppl=-0.03%  radial M -1.71%  VC -2.16% (VC/M-1 = -26.5%)  axial +2.15%  net -0.002%  [ -0.06 kW]  kss-check -0.01
   9 linear    +9 cT=0.777 Pdefl-Ppl=-0.07%  radial M -2.54%  VC -3.19% (VC/M-1 = -25.7%)  axial +3.19%  net -0.001%  [ -0.03 kW]  kss-check -0.01
   9 bend      +3 cT=0.777 Pdefl-Ppl=+0.01%  radial M -1.19%  VC -1.62% (VC/M-1 = -36.2%)  axial +1.61%  net -0.009%  [ -0.23 kW]  kss-check +0.00
   9 bend      +6 cT=0.777 Pdefl-Ppl=+0.04%  radial M -2.37%  VC -3.20% (VC/M-1 = -35.3%)  axial +3.18%  net -0.017%  [ -0.44 kW]  kss-check -0.00
   9 bend      +9 cT=0.777 Pdefl-Ppl=+0.08%  radial M -3.52%  VC -4.71% (VC/M-1 = -33.8%)  axial +4.68%  net -0.025%  [ -0.64 kW]  kss-check +0.02
   9 prebend   -3 cT=0.777 Pdefl-Ppl=+0.07%  radial M +1.65%  VC +2.52% (VC/M-1 = +52.9%)  axial -2.48%  net +0.040%  [ +1.03 kW]  kss-check -0.00
   9 prebend   -6 cT=0.777 Pdefl-Ppl=+0.25%  radial M +3.26%  VC +4.93% (VC/M-1 = +51.0%)  axial -4.84%  net +0.082%  [ +2.12 kW]  kss-check -0.01
   9 prebend   -9 cT=0.777 Pdefl-Ppl=+0.50%  radial M +4.82%  VC +7.14% (VC/M-1 = +48.1%)  axial -7.02%  net +0.125%  [ +3.25 kW]  kss-check +0.01
  11 linear    +3 cT=0.757 Pdefl-Ppl=-0.01%  radial M -0.81%  VC -1.03% (VC/M-1 = -26.1%)  axial +1.02%  net -0.008%  [ -0.36 kW]  kss-check +0.01
  11 linear    +6 cT=0.757 Pdefl-Ppl=-0.04%  radial M -1.62%  VC -2.03% (VC/M-1 = -25.5%)  axial +2.02%  net -0.014%  [ -0.67 kW]  kss-check -0.01
  11 linear    +9 cT=0.757 Pdefl-Ppl=-0.09%  radial M -2.42%  VC -3.01% (VC/M-1 = -24.8%)  axial +3.00%  net -0.019%  [ -0.91 kW]  kss-check +0.00
  11 bend      +3 cT=0.757 Pdefl-Ppl=+0.00%  radial M -1.13%  VC -1.52% (VC/M-1 = -34.8%)  axial +1.51%  net -0.016%  [ -0.77 kW]  kss-check +0.01
  11 bend      +6 cT=0.757 Pdefl-Ppl=+0.01%  radial M -2.25%  VC -3.01% (VC/M-1 = -33.9%)  axial +2.98%  net -0.032%  [ -1.49 kW]  kss-check +0.01
  11 bend      +9 cT=0.757 Pdefl-Ppl=+0.01%  radial M -3.34%  VC -4.42% (VC/M-1 = -32.5%)  axial +4.38%  net -0.046%  [ -2.16 kW]  kss-check -0.01
  11 prebend   -3 cT=0.757 Pdefl-Ppl=+0.05%  radial M +1.56%  VC +2.34% (VC/M-1 = +50.2%)  axial -2.29%  net +0.044%  [ +2.09 kW]  kss-check -0.02
  11 prebend   -6 cT=0.757 Pdefl-Ppl=+0.20%  radial M +3.08%  VC +4.58% (VC/M-1 = +48.4%)  axial -4.49%  net +0.090%  [ +4.24 kW]  kss-check -0.04
  11 prebend   -9 cT=0.757 Pdefl-Ppl=+0.38%  radial M +4.56%  VC +6.64% (VC/M-1 = +45.6%)  axial -6.51%  net +0.136%  [ +6.43 kW]  kss-check +0.02
  13 linear    +3 cT=0.387 Pdefl-Ppl=-0.16%  radial M -0.33%  VC -0.37% (VC/M-1 = -13.0%)  axial +0.36%  net -0.013%  [ -0.67 kW]  kss-check -0.00
  13 linear    +6 cT=0.387 Pdefl-Ppl=-0.65%  radial M -0.65%  VC -0.73% (VC/M-1 = -12.6%)  axial +0.71%  net -0.026%  [ -1.32 kW]  kss-check -0.00
  13 linear    +9 cT=0.387 Pdefl-Ppl=-1.46%  radial M -0.96%  VC -1.08% (VC/M-1 = -11.9%)  axial +1.04%  net -0.038%  [ -1.90 kW]  kss-check -0.01
  13 bend      +3 cT=0.387 Pdefl-Ppl=-0.25%  radial M -0.45%  VC -0.52% (VC/M-1 = -17.0%)  axial +0.50%  net -0.018%  [ -0.91 kW]  kss-check -0.00
  13 bend      +6 cT=0.387 Pdefl-Ppl=-1.01%  radial M -0.88%  VC -1.03% (VC/M-1 = -16.5%)  axial +0.99%  net -0.035%  [ -1.78 kW]  kss-check -0.00
  13 bend      +9 cT=0.387 Pdefl-Ppl=-2.24%  radial M -1.30%  VC -1.51% (VC/M-1 = -15.6%)  axial +1.46%  net -0.052%  [ -2.62 kW]  kss-check -0.00
  13 prebend   -3 cT=0.387 Pdefl-Ppl=-0.36%  radial M +0.59%  VC +0.73% (VC/M-1 = +23.0%)  axial -0.71%  net +0.020%  [ +1.03 kW]  kss-check +0.01
  13 prebend   -6 cT=0.387 Pdefl-Ppl=-1.42%  radial M +1.16%  VC +1.42% (VC/M-1 = +22.2%)  axial -1.38%  net +0.042%  [ +2.10 kW]  kss-check -0.02
  13 prebend   -9 cT=0.387 Pdefl-Ppl=-3.15%  radial M +1.69%  VC +2.04% (VC/M-1 = +20.9%)  axial -1.98%  net +0.063%  [ +3.14 kW]  kss-check -0.00
  15 linear    +3 cT=0.238 Pdefl-Ppl=-0.29%  radial M -0.20%  VC -0.24% (VC/M-1 = -21.0%)  axial +0.22%  net -0.014%  [ -0.70 kW]  kss-check +0.00
  15 linear    +6 cT=0.238 Pdefl-Ppl=-1.16%  radial M -0.39%  VC -0.47% (VC/M-1 = -20.6%)  axial +0.44%  net -0.027%  [ -1.36 kW]  kss-check -0.00
  15 linear    +9 cT=0.238 Pdefl-Ppl=-2.59%  radial M -0.57%  VC -0.69% (VC/M-1 = -20.0%)  axial +0.65%  net -0.040%  [ -1.97 kW]  kss-check -0.00
  15 bend      +3 cT=0.238 Pdefl-Ppl=-0.46%  radial M -0.26%  VC -0.32% (VC/M-1 = -21.9%)  axial +0.30%  net -0.017%  [ -0.86 kW]  kss-check +0.00
  15 bend      +6 cT=0.238 Pdefl-Ppl=-1.83%  radial M -0.51%  VC -0.62% (VC/M-1 = -21.6%)  axial +0.59%  net -0.035%  [ -1.70 kW]  kss-check +0.00
  15 bend      +9 cT=0.238 Pdefl-Ppl=-4.08%  radial M -0.75%  VC -0.91% (VC/M-1 = -21.3%)  axial +0.86%  net -0.051%  [ -2.48 kW]  kss-check +0.00
  15 prebend   -3 cT=0.238 Pdefl-Ppl=-0.69%  radial M +0.32%  VC +0.39% (VC/M-1 = +21.5%)  axial -0.38%  net +0.017%  [ +0.86 kW]  kss-check +0.00
  15 prebend   -6 cT=0.238 Pdefl-Ppl=-2.71%  radial M +0.63%  VC +0.76% (VC/M-1 = +21.5%)  axial -0.73%  net +0.035%  [ +1.70 kW]  kss-check +0.01
  15 prebend   -9 cT=0.238 Pdefl-Ppl=-5.95%  radial M +0.90%  VC +1.09% (VC/M-1 = +21.7%)  axial -1.04%  net +0.053%  [ +2.49 kW]  kss-check -0.02
